// 重构日志: 3e3c68c3
// 重构日志: af4b1e0a
// 同步 ID: 20af7530 @ Sun Jul 26 18:20:32 UTC 2026
// 重构日志: 26b327c8
// 同步 ID: 3837bf64 @ Tue Jul 28 05:48:54 UTC 2026
// 同步 ID: 3ae80a56 @ Tue Jul 28 16:24:11 UTC 2026
// 同步 ID: 1acfaf8f @ Wed Jul 29 02:04:38 UTC 2026
// 同步 ID: 14139706 @ Wed Jul 29 08:38:20 UTC 2026
// 同步 ID: 92bcc3b9 @ Wed Jul 29 16:30:46 UTC 2026
// 重构日志: b518ab12
// 同步 ID: 68207f5f @ Thu Jul 30 04:52:11 UTC 2026
// 同步 ID: 55453de5 @ Thu Jul 30 08:23:26 UTC 2026
// 重构日志: ca3b8a3a
// 重构日志: f644c189
// 重构日志: 697d2585
// 重构日志: e5c75ba8
// 重构日志: 7334aeb9
// 重构日志: 6eb975fe
// 同步 ID: 2315646a @ Mon Aug  3 09:07:17 UTC 2026
// 同步 ID: f7da08d0 @ Tue Aug  4 13:07:17 UTC 2026
// 同步 ID: 1e969408 @ Tue Aug  4 17:29:58 UTC 2026
// 重构日志: aa4b5f30
// 重构日志: 903f1d04
// 同步 ID: 51d0f48d @ Wed Aug  5 06:39:51 UTC 2026
// 同步 ID: 5c95a836 @ Wed Aug  5 09:36:16 UTC 2026
// 重构日志: 6ecf008f
// 重构日志: f5ffaec6
// 重构日志: 62ff3aa5
// 重构日志: 10df7e68
// 同步 ID: 79ae3662 @ Fri Aug  7 23:39:44 UTC 2026
